// Jest Snapshot v1, https://goo.gl/fbAQLP

exports[`Navbar matches snapshot 1`] = `
<div>
  <div
    class="navigation"
  >
    <div
      aria-hidden="true"
    >
      <img
        alt="back"
        class="btn"
        src="back.png"
      />
    </div>
    <h2
      class="heading"
    >
      Companies List
    </h2>
    <div
      class="position"
    >
      <img
        alt="mic"
        class="btn"
        src="mic.png"
      />
      <img
        alt="setting"
        class="btn"
        src="setting.png"
      />
    </div>
  </div>
</div>
`;
